// Jest Snapshot v1, https://goo.gl/fbAQLP

exports[`App renders correctly 1`] = `
<DocumentFragment>
  <div
    class="weather-app"
  >
    <h1>
      Weather App
    </h1>
    <div>
      <h1
        class="locationInfo"
      >
        , 
      </h1>
    </div>
    <div
      class="search-form"
    >
      <input
        type="text"
        value=""
      />
      <button
        type="submit"
      >
        Search
      </button>
    </div>
    <div
      class="forecast-list"
    />
    0
  </div>
</DocumentFragment>
`;
